  [10:19:49] 获取交易日历...
  [10:19:50] 交易天数: 243 (from 20250724 to 20260724)
  [10:19:50] 选 Top 100 股票...
  [10:19:50] 验证分钟数据覆盖...
  [10:19:50] 有效股票: 90
  [10:19:50] 开始遍历: 90 股 × 243 天 = 21870 次请求
  [10:19:50] 预计耗时: ~109 分钟
[10:22:02] ============================================================
[10:22:02] Phase 1: 并行预计算分钟因子 (20250724~20260724)
[10:22:02] ============================================================
[10:22:02] 交易日: 243 (20250724~20260724)
[10:22:03] 有效股票: 80
[10:22:03] 并行拉取: 80股×243天 = 19440 请求, 20 线程
[10:22:03] 预计耗时: ~146s (2.4min)
[10:22:19] 进度: 1000/19440 (5%)  有效:996 错误:4  已用16s 剩余304s
[10:22:36] 进度: 2000/19440 (10%)  有效:1992 错误:8  已用33s 剩余286s
[10:23:15] 进度: 3000/19440 (15%)  有效:2988 错误:12  已用73s 剩余398s
[10:23:31] 进度: 4000/19440 (21%)  有效:3983 错误:17  已用89s 剩余342s
[10:25:00] ============================================================
[10:25:00] Phase 1: 并行预计算分钟因子 (20250724~20260724)
[10:25:00] ============================================================
[10:25:01] 交易日: 243 (20250724~20260724)
[10:25:02] 有效股票: 80
[10:25:02] 并行拉取: 80股×243天 = 19440 请求, 10 线程
[10:25:02] 预计耗时: ~292s (4.9min)
[10:25:10] 进度: 500/19440 (3%)  有效:498 错误:2  已用8s 剩余321s
[10:25:21] 进度: 1000/19440 (5%)  有效:996 错误:4  已用19s 剩余345s
[10:25:29] 进度: 1500/19440 (8%)  有效:1494 错误:6  已用27s 剩余324s
[10:25:37] 进度: 2000/19440 (10%)  有效:1992 错误:8  已用35s 剩余309s
[10:25:46] 进度: 2500/19440 (13%)  有效:2490 错误:10  已用44s 剩余297s
[10:25:54] 进度: 3000/19440 (15%)  有效:2988 错误:12  已用52s 剩余286s
[10:26:05] 进度: 3500/19440 (18%)  有效:3486 错误:14  已用63s 剩余287s
[10:26:24] 进度: 4000/19440 (21%)  有效:3983 错误:17  已用82s 剩余318s
[10:26:33] 进度: 4500/19440 (23%)  有效:4481 错误:19  已用91s 剩余302s
[10:26:41] 进度: 5000/19440 (26%)  有效:4979 错误:21  已用99s 剩余287s
[10:26:50] 进度: 5500/19440 (28%)  有效:5477 错误:23  已用108s 剩余273s
[10:26:58] 进度: 6000/19440 (31%)  有效:5975 错误:25  已用116s 剩余260s
[10:27:07] 进度: 6500/19440 (33%)  有效:6473 错误:27  已用125s 剩余248s
[10:27:15] 进度: 7000/19440 (36%)  有效:6970 错误:30  已用133s 剩余237s
[10:27:24] 进度: 7500/19440 (39%)  有效:7468 错误:32  已用142s 剩余225s
[10:27:32] 进度: 8000/19440 (41%)  有效:7966 错误:34  已用150s 剩余215s
[10:27:41] 进度: 8500/19440 (44%)  有效:8463 错误:37  已用159s 剩余204s
[10:27:49] 进度: 9000/19440 (46%)  有效:8961 错误:39  已用167s 剩余194s
[10:27:57] 进度: 9500/19440 (49%)  有效:9459 错误:41  已用176s 剩余184s
[10:28:06] 进度: 10000/19440 (51%)  有效:9957 错误:43  已用184s 剩余174s
[10:28:15] 进度: 10500/19440 (54%)  有效:10455 错误:45  已用193s 剩余164s
[10:28:23] 进度: 11000/19440 (57%)  有效:10953 错误:47  已用201s 剩余155s
[10:28:32] 进度: 11500/19440 (59%)  有效:11451 错误:49  已用210s 剩余145s
[10:28:40] 进度: 12000/19440 (62%)  有效:11939 错误:61  已用218s 剩余135s
[10:28:49] 进度: 12500/19440 (64%)  有效:12437 错误:63  已用227s 剩余126s
[10:28:57] 进度: 13000/19440 (67%)  有效:12935 错误:65  已用235s 剩余117s
[10:29:06] 进度: 13500/19440 (69%)  有效:13433 错误:67  已用244s 剩余107s
[10:29:16] 进度: 14000/19440 (72%)  有效:13931 错误:69  已用254s 剩余99s
[10:29:24] 进度: 14500/19440 (75%)  有效:14429 错误:71  已用262s 剩余89s
[10:29:33] 进度: 15000/19440 (77%)  有效:14927 错误:73  已用271s 剩余80s
[10:29:42] 进度: 15500/19440 (80%)  有效:15425 错误:75  已用280s 剩余71s
[10:29:50] 进度: 16000/19440 (82%)  有效:15919 错误:81  已用288s 剩余62s
[10:29:58] 进度: 16500/19440 (85%)  有效:16417 错误:83  已用296s 剩余53s
[10:30:07] 进度: 17000/19440 (87%)  有效:16915 错误:85  已用305s 剩余44s
[10:30:15] 进度: 17500/19440 (90%)  有效:17411 错误:89  已用314s 剩余35s
[10:30:24] 进度: 18000/19440 (93%)  有效:17909 错误:91  已用322s 剩余26s
[10:30:33] 进度: 18500/19440 (95%)  有效:18407 错误:93  已用331s 剩余17s
[10:30:41] 进度: 19000/19440 (98%)  有效:18905 错误:95  已用339s 剩余8s
[10:30:49] ✅ Phase 1 完成! 耗时 347s (5.8min)
[10:30:49]    有效记录: 19343, 错误: 97
[10:30:49] 缓存已保存: /Users/marc/05.Code/openclaw/workspace-qtrade/scripts/QTrade/cache/top5_1year_20260724_100s.pkl
[10:30:49] 
============================================================
[10:30:49] Phase 2: 日线数据 + 日级因子
[10:30:49] ============================================================
[10:30:49]   拉取日线: 20250724 (1/243)
[10:31:21]   拉取日线: 20251010 (51/243)
[10:31:51]   拉取日线: 20251219 (101/243)
[10:32:24]   拉取日线: 20260311 (151/243)
[10:32:57]   拉取日线: 20260526 (201/243)
[10:33:23]   日线: 19440 行
[10:33:23]   合并: 19343 行, 80 股, 242 天
[10:33:23]   清洗后: 18543 行, 80 股
[10:33:23]   耗时: 154.3s
[10:33:23] 
============================================================
[10:33:23] Phase 3: Top 5 组合回测
[10:33:23] ============================================================
[10:33:23]   回测: 1.ROE+低波(ROE主导)
[10:33:24]     Sharpe=-0.757  收益=-9.43%  回撤=-19.13%
[10:33:24]   回测: 2.ROE+低波
[10:33:24]     Sharpe=-0.086  收益=-0.53%  回撤=-15.39%
[10:33:24]   回测: 3.ROE+PE+低波(ROE主导)
[10:33:25]     Sharpe=0.269  收益=5.29%  回撤=-17.82%
[10:33:25]   回测: 4.ROE+动量+低波+4分钟(分钟主导)
[10:33:25]     Sharpe=-0.443  收益=-9.02%  回撤=-31.21%
[10:33:25]   回测: 5.ROE+PE+动量+低波+VWAP偏离
[10:33:26]     Sharpe=-0.570  收益=-12.07%  回撤=-31.98%
[10:33:26]   回测耗时: 2.6s
