[10:49:24] 交易日: 243 (20250724~20260724)
[10:49:25] 有效股票: 80 (在DB daily_basic中：5201只)
[10:49:25] ✅ 分钟因子缓存命中
[10:49:25] 
============================================================
[10:49:25] Phase 2: 加载真实财务数据 (pe_ttm + roe_yoy)
[10:49:25] ============================================================
[10:49:25]   加载 daily_basic (pe_ttm)...
[10:49:25]     pe_ttm: 16785 行, 80 股, 有效PE: 11843 (71%)
[10:49:25]   加载 fina_indicator (roe_yoy)...
[10:49:25]     roe: 3332 行, 80 股
[10:49:25]   获取日线价格...
[10:49:25]     拉取日线: 20250724 (1/243)
[10:49:55]     拉取日线: 20251010 (51/243)
[10:50:26]     拉取日线: 20251219 (101/243)
[10:50:59]     拉取日线: 20260311 (151/243)
[10:51:31]     拉取日线: 20260526 (201/243)
[10:51:56]     日线: 19440 行
[10:51:56]     合并后: 14529 行, 60 股
[10:51:56]   计算日级因子...
[10:51:56]     清洗后: 13929 行, 60 股, 232 天
[10:51:56]     耗时: 151.1s
[10:51:56] 
============================================================
[10:51:56] Phase 3: Top 5 回测（真实财务数据）
[10:51:56] ============================================================
[10:51:56]   回测: 1.ROE+低波(ROE主导)
[10:51:57]     Sharpe=-0.314  收益=-4.87%  回撤=-19.08%
[10:51:57]   回测: 2.ROE+低波
[10:51:57]     Sharpe=-0.238  收益=-4.04%  回撤=-19.88%
[10:51:57]   回测: 3.ROE+PE+低波(ROE主导)
[10:51:57]     Sharpe=0.047  收益=1.28%  回撤=-13.24%
[10:51:57]   回测: 4.ROE+动量+低波+4分钟(分钟主导)
[10:51:58]     Sharpe=0.752  收益=16.24%  回撤=-21.85%
[10:51:58]   回测: 5.ROE+PE+动量+低波+VWAP偏离
[10:51:58]     Sharpe=0.108  收益=2.17%  回撤=-21.86%
[10:51:58]   回测耗时: 2.0s
