2026-08-03 11:11:54,651 INFO apscheduler.scheduler: Scheduler started
2026-08-03 11:11:54,654 INFO __main__: PaperWorker scheduler 已启动
2026-08-03 11:11:54,655 INFO apscheduler.scheduler: Added job "流动性增强版0709-0803" to job store "default"
2026-08-04 10:00:00,007 INFO apscheduler.executors.default: Running job "流动性增强版0709-0803 (trigger: cron[month='*', day='*', day_of_week='1-5', hour='10', minute='0'], next run at: 2026-08-04 10:00:00 CST)" (scheduled at 2026-08-04 10:00:00+08:00)
2026-08-04 10:00:10,740 ERROR __main__: [plan 7] tick 失败
Traceback (most recent call last):
  File "/Users/marc/05.Code/openclaw/workspace-qtrade/scripts/QTrade/src/paper/worker.py", line 67, in run_plan_tick
    result = tick.run_tick(plan_id, fetcher)
  File "/Users/marc/05.Code/openclaw/workspace-qtrade/scripts/QTrade/src/paper/tick.py", line 176, in run_tick
    executor.mark_to_market(now_ts, trade_date)
    ~~~~~~~~~~~~~~~~~~~~~~~^^^^^^^^^^^^^^^^^^^^
  File "/Users/marc/05.Code/openclaw/workspace-qtrade/scripts/QTrade/src/paper/executor.py", line 194, in mark_to_market
    storage.append_snapshot(
    ~~~~~~~~~~~~~~~~~~~~~~~^
        self.plan_id, trade_date=trade_date, cash=round(cash, 2),
        ^^^^^^^^^^^^^^^^^^^^^^^^^^^^^^^^^^^^^^^^^^^^^^^^^^^^^^^^^
    ...<2 lines>...
        snapshot_ts=tick_ts,
        ^^^^^^^^^^^^^^^^^^^^
    )
    ^
  File "/Users/marc/05.Code/openclaw/workspace-qtrade/scripts/QTrade/src/paper/storage.py", line 666, in append_snapshot
    cur = conn.execute(
        """INSERT INTO paper_equity_history
    ...<4 lines>...
         nav, daily_return, n_positions, snapshot_ts),
    )
sqlite3.IntegrityError: UNIQUE constraint failed: paper_equity_history.plan_id, paper_equity_history.snapshot_ts
2026-08-04 10:00:10,745 INFO apscheduler.executors.default: Job "流动性增强版0709-0803 (trigger: cron[month='*', day='*', day_of_week='1-5', hour='10', minute='0'], next run at: 2026-08-05 10:00:00 CST)" executed successfully
